[backblue.gif]
[fade.gif]
[index.html]
[www.livebroker.com.au/media/LiveBroker/General/LB-57.png]
[www.livebroker.com.au/media/LiveBroker/General/LB-72.png]
[www.livebroker.com.au/media/LiveBroker/General/LB-114.png]
[www.livebroker.com.au/media/LiveBroker/General/LB-144.png]
[maxcdn.bootstrapcdn.com/bootstrap/3.3.1/css/bootstrap.min.css]
[code.jquery.com/jquery-1.11.1.min.js]
[www.livebroker.com.au/Libraries/nanoscroller/jquery.nanoscroller.js]
[www.livebroker.com.au/Libraries/knockout/knockout.min.js]
[maxcdn.bootstrapcdn.com/bootstrap/3.3.1/js/bootstrap.min.js]
[www.livebroker.com.au/CMSScripts/Custom/Shared/appointments.js]
[www.livebroker.com.au/CMSWebParts/Firstmac/Retail/LiveBroker/bookAppointment.js]
[www.livebroker.com.au/CMSWebParts/Firstmac/Retail/LiveBroker/contactForm.js]
[use.typekit.net/odv3too.js]
[www.livebroker.com.au/Libraries/jquery-cycle2/jquery.cycle2.js]
[www.livebroker.com.au/favicon.ico]
[www.livebroker.com.au/ScriptResource8b8b.js]
[www.livebroker.com.au/ScriptResourcee0cb.js]
[www.livebroker.com.au/media/LiveBroker/General/LB_logo.png]
[www.livebroker.com.au/CMSWebParts/Firstmac/Retail/CanstarLoanComparison_LiveBroker_Mini_files/script.js]
[www.livebroker.com.au/media/LiveBroker/Banners/samanthapendry.png]
[www.livebroker.com.au/media/LiveBroker/General/qualifiedExperts_icon.png]
[www.livebroker.com.au/media/LiveBroker/General/friendlyAndProfessional_icon.png]
[www.livebroker.com.au/media/LiveBroker/General/locatedInAustralia.png]
[www.livebroker.com.au/media/LiveBroker/General/availableWhenYouNeedUs_icon.png]
[www.livebroker.com.au/media/LiveBroker/General/freeAndUnbiased.png]
[www.livebroker.com.au/media/LiveBroker/General/weSimplify_iconsDesktop.png]
[www.livebroker.com.au/media/LiveBroker/General/weSimplify_iconsMobile.png]
[www.livebroker.com.au/livebroker/files/43/43c8be60-558a-41d1-8761-32cdd8c91011.jpg]
[www.livebroker.com.au/livebroker/files/c3/c3f24fb3-9aa6-473b-a42d-0e9f259bdb65.jpg]
[www.livebroker.com.au/livebroker/files/fe/fe607792-6171-40ef-a37c-d86911140ba4.jpg]
[www.livebroker.com.au/livebroker/files/60/6038c4de-8898-4aef-aa58-ed655789ccb9.jpg]
[www.livebroker.com.au/livebroker/files/08/081c2e4e-2726-4af1-a2a0-06620165764e.jpg]
[www.livebroker.com.au/livebroker/files/ab/ab2367b7-87ec-4e15-8461-9bafda8012a9.jpg]
[authoring.livebroker.com.au/media/LiveBroker/General/calendar-large-icon.png]
[authoring.livebroker.com.au/media/LiveBroker/General/profile-large-icon.png]
[authoring.livebroker.com.au/media/LiveBroker/General/speechbubble-large-icon.png]
[www.livebroker.com.au/livebroker/files/1c/1c4dec12-c0e3-4ad3-8971-633f2ffa7639.jpg]
[www.livebroker.com.au/livebroker/files/5e/5ede3efb-bbf0-4aff-9c1c-d70bd9f8fdbc.jpg]
[www.livebroker.com.au/livebroker/files/80/802a967a-fa31-4329-b2eb-ceb588d988fa.jpg]
[www.livebroker.com.au/Libraries/jquery-imagescroll/jquery.imageScroll.js]
[www.livebroker.com.au/media/LiveBroker/General/fb_icon.png]
[www.livebroker.com.au/media/LiveBroker/General/google-_icon.png]
[www.livebroker.com.au/media/LiveBroker/General/LB-footerlogo.png]
[www.livebroker.com.au/media/LiveBroker/General/MFAA_full-member.png]
[www.livebroker.com.au/media/LiveBroker/Popups/email-icon.png]
[www.livebroker.com.au/media/LiveBroker/Popups/phone-icon.png]
[www.livebroker.com.au/media/LiveBroker/General/spinner.gif]
[www.livebroker.com.au/media/LiveBroker/Popups/firstHome-icon.png]
[www.livebroker.com.au/media/LiveBroker/Popups/nextHome-icon.png]
[www.livebroker.com.au/media/LiveBroker/Popups/refinancing-icon.png]
[www.livebroker.com.au/media/LiveBroker/Popups/investing-icon.png]
[www.livebroker.com.au/index.html]
[maxcdn.bootstrapcdn.com/bootstrap/3.3.1/css/bootstrap.min.css]
[www.livebroker.com.au/Libraries/nanoscroller/nanoscroller.css]
[www.livebroker.com.au/CMSPages/LiveBrokerfbad.css]
[www.livebroker.com.au/CMSPages/jquery-ui7601.js]
[www.livebroker.com.au/CMSPages/totalCheck_asyncfe64.js]
[www.livebroker.com.au/CMSPages/fmc-validatione0b5.js]
[www.livebroker.com.au/CMSScripts/Custom/Shared/jquery.tmpl.min.js]
[www.livebroker.com.au/CMSPages/script_cpa_totalCheck_asyncbff9.js]
[www.livebroker.com.au/CMSPages/google-libphonenumber8d03.js]
[www.livebroker.com.au/CMSPages/moment.min12e2.js]
[www.googletagmanager.com/gtm5445.html]
[www.livebroker.com.au/gecko/index.html]
[www.livebroker.com.au/applewebkit/index.html]
[www.livebroker.com.au/mozilla/index.html]
[www.livebroker.com.au/CMSPages/components1166.css]
[www.livebroker.com.au/CMSPages/componentsd3c6.css]
[www.livebroker.com.au/WebResourceff2e.js]
[www.livebroker.com.au/ScriptResource8b8b.js]
[www.livebroker.com.au/ScriptResourcee0cb.js]
[www.livebroker.com.au/CMSWebParts/Firstmac/Retail/CanstarLoanComparison_LiveBroker_files/CanstarLoanComparison.js]
[www.livebroker.com.au/media/LiveBroker/General/previous-button.png]
[www.livebroker.com.au/media/LiveBroker/General/next-button.png]
[www.livebroker.com.au/media/LiveBroker/General/calculator-image1.png]
[www.livebroker.com.au/media/LiveBroker/General/calculator-image2.png]
[www.livebroker.com.au/media/LiveBroker/General/calculator-image3.png]
[www.livebroker.com.au/media/LiveBroker/General/usefulLink1-icon.png]
[www.livebroker.com.au/media/LiveBroker/General/usefulLink2-icon.png]
[www.livebroker.com.au/media/LiveBroker/General/usefulLink3-icon.png]
[www.livebroker.com.au/media/LiveBroker/General/usefulLink4-icon.png]
[www.livebroker.com.au/Choose-and-Compare.html]
[www.livebroker.com.au/Calculators.html]
[www.livebroker.com.au/Expert-Advice.html]
[www.livebroker.com.au/media/LiveBroker/General/howDoesItWork-miniIcon.png]
[www.livebroker.com.au/media/LiveBroker/General/ourDifference-miniIcon.png]
[www.livebroker.com.au/media/LiveBroker/General/whoWeAre-miniIcon.png]
[www.livebroker.com.au/media/LiveBroker/General/meetTheTeam-miniIcon.png]
[www.livebroker.com.au/media/LiveBroker/General/howDoesItWork-Icon.png]
[www.livebroker.com.au/media/LiveBroker/Banners/How-it-works.jpg]
[www.livebroker.com.au/media/LiveBroker/General/list-bullet-1_1.png]
[www.livebroker.com.au/media/LiveBroker/General/ourDifference-Icon.png]
[www.livebroker.com.au/media/LiveBroker/General/temporary-image-1.jpg]
[www.livebroker.com.au/media/LiveBroker/General/whoWeAre-Icon.png]
[www.livebroker.com.au/media/LiveBroker/Banners/who-we-are.jpg]
[www.livebroker.com.au/media/LiveBroker/General/meetTheTeam-Icon.png]
[www.livebroker.com.au/media/LiveBroker/Banners/meet-the-team.jpg]
[www.livebroker.com.au/About-Us.html]
[www.livebroker.com.au/Calculator/How-much-can-I-borrow.html]
[www.livebroker.com.au/Calculator/Repayment.html]
[www.livebroker.com.au/Calculator/Stamp-Duty.html]
[www.livebroker.com.au/Conditions-and-Privacy.html]
[www.livebroker.com.au/Privacy-Policy.html]
[www.livebroker.com.au/arguments.caller not defined.  goog.base() expects not to be running in strict mode. See http_/www.ecma-international.org/ecma-262/5.1/index.html]
[www.livebroker.com.au/POST.html]
[www.livebroker.com.au/Firefox/index.html]
[www.livebroker.com.au/AppleWebKit/index-2.html]
[www.livebroker.com.au/Opera/index.html]
[www.livebroker.com.au/MicrosoftAjaxWebForms.html]
[www.livebroker.com.au/MicrosoftAjaxSerialization.html]
[www.livebroker.com.au/MicrosoftAjaxNetwork.html]
[www.livebroker.com.au/CMSPages/LiveBrokerMasterTemplate8ef7]
[www.livebroker.com.au/CMSPages/CMS.BlogPost.Dynamic_NewsFeeda006.css]
[authoring.livebroker.com.au/media/LiveBroker/General/body_background.jpg]
[www.livebroker.com.au/media/LiveBroker/General/arrow-right-white.png]
[www.livebroker.com.au/media/LiveBroker/General/arrow-down-white.png]
[www.livebroker.com.au/media/LiveBroker/General/arrow-up-white.png]
[www.livebroker.com.au/media/LiveBroker/General/toggle-tick.png]
[www.livebroker.com.au/media/LiveBroker/General/toggle-untick.png]
[www.livebroker.com.au/CMSWebParts/Firstmac/Retail/CanstarLoanComparison_LiveBroker_files/CanstarLoanComparison.css]
[www.livebroker.com.au/CMSWebParts/Firstmac/Retail/CanstarLoanComparison_LiveBroker_Feeder_files/script.js]
[www.livebroker.com.au/Mortgage.html]
[www.livebroker.com.au/expert-advice-2.html]
[www.livebroker.com.au/CMSPages/components221f.css]
[www.livebroker.com.au/Calculator/gecko/index.html]
[www.livebroker.com.au/Calculator/applewebkit/index.html]
[www.livebroker.com.au/Calculator/mozilla/index.html]
[www.livebroker.com.au/CMSMessages/error42a6.html]
